--- Starting Real Alipay Connection Test ---
鉁?SDK Constructor Resolved
Config: AppID=2021006130670626, CertDir=D:\docuflow-ai\backend\Alipay
鉁?SDK Initialized
Sending request to Alipay...
--- RESULT ---
{
  "code": "40006",
  "msg": "Insufficient Permissions",
  "subCode": "isv.insufficient-isv-permissions",
  "subMsg": "鎺ュ彛璋冪敤鏉冮檺涓嶈冻锛岃В鍐虫柟妗堬細https://open.alipay.com/api/errCheck?traceId=218f611f17701692085896480ec9e9&source=openapi",
  "traceId": "218f611f17701692085896480ec9e9"
}
node.exe : 鉂?FAILED: 40006 - 鎺ュ彛璋冪敤鏉冮檺涓嶈冻
锛岃В鍐虫柟妗堬細https://open.alipay.com/api/errC
heck?traceId=218f611f17701692085896480ec9
e9&source=openapi
所在位置 C:\Program Files\nodejs\npx.ps1:29 字
符: 3
+   & $NODE_EXE $NPX_CLI_JS $args
+   ~~~~~~~~~~~~~~~~~~~~~~~~~~~~~
    + CategoryInfo          : NotSpecifi 
   ed: (鉂?FAILED: 40006...&source=opena  
  pi:String) [], RemoteException
    + FullyQualifiedErrorId : NativeComm 
   andError
 
